
Memory Configuration

Name             Origin             Length             Attributes
FLASH            0x08000000         0x00080000         xr
SRAM             0x20000000         0x00020000         xrw
*default*        0x00000000         0xffffffff

Linker script and memory map

LOAD object/kmath.o
LOAD object/kfloat.o
LOAD object/cm4.o
LOAD object/kstring.o
LOAD object/kmain.o
LOAD object/stm32_startup.o
LOAD object/sys.o
LOAD object/clock.o
LOAD object/usart.o
LOAD object/gpio.o
LOAD object/timer.o
LOAD object/kstdio.o
LOAD object/sys_init.o
LOAD object/unistd.o
LOAD object/times.o
LOAD object/kunistd.o
LOAD object/ktimes.o
LOAD object/syscall.o
LOAD object/seven_segment.o
LOAD object/test_interrupt.o

.text           0x08000000     0x2fa0
                0x08000000                _stext = .
 *(.isr_vector)
 .isr_vector    0x08000000      0x1c4 object/stm32_startup.o
                0x08000000                NVIC_VECTOR
 *(.text)
 .text          0x080001c4       0x4e object/kmath.o
                0x080001c4                __pow
 *fill*         0x08000212        0x2 
 .text          0x08000214      0x360 object/kfloat.o
                0x08000214                __aeabi_f2d
                0x080002da                __aeabi_d2f
                0x08000360                __aeabi_d2iz
                0x080003f6                __aeabi_d2i
                0x0800048c                get_decimal_part
 .text          0x08000574      0x168 object/cm4.o
                0x08000574                __SysTick_init
                0x080005bc                __sysTick_enable
                0x080005e8                __sysTick_disable
                0x08000614                __getSysTickCount
                0x0800062c                __updateSysTick
                0x08000684                __getTime
                0x080006b8                __enable_fpu
 .text          0x080006dc      0x3d4 object/kstring.o
                0x080006dc                __str_to_num
                0x080007d4                __reverse_str
                0x08000832                __strlen
                0x08000860                convert
                0x080008e0                float2str
                0x080009ac                str2float
 .text          0x08000ab0      0x12c object/kmain.o
                0x08000ab0                kmain
 .text          0x08000bdc      0x1a8 object/stm32_startup.o
                0x08000bdc                Reset_Handler
                0x08000c94                FLASH_Handler
                0x08000c94                DMA2_Stream7_Handler
                0x08000c94                OTG_HS_Handler
                0x08000c94                SPI4_Handler
                0x08000c94                DMA2_Stream3_Handler
                0x08000c94                OTG_FS_WKUP_Handler
                0x08000c94                USART3_Handler
                0x08000c94                PendSV_Handler
                0x08000c94                NMI_Handler
                0x08000c94                SAI1_Handler
                0x08000c94                TIM6_DAC_Handler
                0x08000c94                CAN1_RX1_Handler
                0x08000c94                EXTI15_10_Handler
                0x08000c94                ADC_Handler
                0x08000c94                I2C1_EV_Handler
                0x08000c94                OTG_HS_WKUP_Handler
                0x08000c94                TAMP_STAMP_Handler
                0x08000c94                I2C3_ER_Handler
                0x08000c94                WWDG_Handler
                0x08000c94                EXTI4_Handler
                0x08000c94                I2C3_EV_Handler
                0x08000c94                DMA1_Stream1_Handler
                0x08000c94                DMA2_Stream4_Handler
                0x08000c94                DMA1_Stream7_Handler
                0x08000c94                OTG_FS_Handler
                0x08000c94                TIM1_BRK_TIM9_Handler
                0x08000c94                I2C1_ER_Handler
                0x08000c94                DMA1_Stream3_Handler
                0x08000c94                UsageFault_Handler
                0x08000c94                TIM1_UP_TIM10_Handler
                0x08000c94                CAN1_RX0_Handler
                0x08000c94                TIM1_CC_Handler
                0x08000c94                I2C2_ER_Handler
                0x08000c94                USART6_Handler
                0x08000c94                TIM8_CC_Handler
                0x08000c94                HDMI_CEC_Handler
                0x08000c94                SAI2_Handler
                0x08000c94                CAN1_SCE_Handler
                0x08000c94                DMA1_Stream0_Handler
                0x08000c94                OTG_HS_EP1_OUT_Handler
                0x08000c94                EXTI1_Handler
                0x08000c94                RTC_WKUP_Handler
                0x08000c94                FMC_Handler
                0x08000c94                EXTI3_Handler
                0x08000c94                EXTI2_Handler
                0x08000c94                UART4_Handler
                0x08000c94                CAN2_RX1_Handler
                0x08000c94                EXTI9_5_Handler
                0x08000c94                TIM2_Handler
                0x08000c94                USART1_Handler
                0x08000c94                CAN2_SCE_Handler
                0x08000c94                TIM3_Handler
                0x08000c94                DMA2_Stream6_Handler
                0x08000c94                Default_Handler
                0x08000c94                DCMI_Handler
                0x08000c94                TIM1_TRG_COM_TIM11_Handler
                0x08000c94                RTC_Alarm_Handler
                0x08000c94                TIM4_Handler
                0x08000c94                TIM8_UP_TIM13_Handler
                0x08000c94                CAN2_TX_Handler
                0x08000c94                SPI2_Handler
                0x08000c94                DMA2_Stream1_Handler
                0x08000c94                DMA1_Stream2_Handler
                0x08000c94                DebugMonitor_Handler
                0x08000c94                TIM8_BRK_TIM12_Handler
                0x08000c94                DMA1_Stream4_Handler
                0x08000c94                CAN2_RX0_Handler
                0x08000c94                DMA2_Stream5_Handler
                0x08000c94                DMA1_Stream6_Handler
                0x08000c94                SDIO_Handler
                0x08000c94                FMPI2C1_ERR_Handler
                0x08000c94                USART2_Handler
                0x08000c94                SPI1_Handler
                0x08000c94                I2C2_EV_Handler
                0x08000c94                SPDIF_Rx_Handler
                0x08000c94                DMA2_Stream2_Handler
                0x08000c94                SPI3_Handler
                0x08000c94                FMPI2C1_Handler
                0x08000c94                DMA2_Stream0_Handler
                0x08000c94                RCC_Handler
                0x08000c94                PVD_Handler
                0x08000c94                UART5_Handler
                0x08000c94                DMA1_Stream5_Handler
                0x08000c94                TIM5_Handler
                0x08000c94                QuadSPI_Handler
                0x08000c94                TIM7_Handler
                0x08000c94                TIM8_TRG_COM_TIM14_Handler
                0x08000c94                CAN1_TX_Handler
                0x08000c94                FPU_Handler
                0x08000c94                OTG_HS_EP1_IN_Handler
                0x08000c9a                HardFault_Handler
                0x08000cbc                MemManage_Handler
                0x08000cc2                BusFault_Handler
                0x08000cc8                getMsCount
                0x08000ce0                Delay
                0x08000d18                SysTick_Handler
                0x08000d60                SVC_Handler_main
 .text          0x08000d84      0x65c object/sys.o
                0x08000d84                __NVIC_SetPriority
                0x08000dd8                __NVIC_GetPriority
                0x08000e28                __NVIC_EnableIRQn
                0x08000e84                __NVIC_DisableIRQn
                0x08000ee4                __disable_irq
                0x08000efa                __set_BASEPRI
                0x08000f28                __get_basepri_value
                0x08000f44                __unset_BASEPRI
                0x08000f68                __enable_irq
                0x08000f7e                __set_PRIMASK
                0x08000f9a                get_PRIMASK
                0x08000fb6                __enable_fault_irq
                0x08000fcc                __set_FAULTMASK
                0x08000fe8                __disable_fault_irq
                0x08000ffe                __get_FAULTMASK
                0x0800101a                __clear_pending_IRQn
                0x0800107c                __get_pending_IRQn
                0x080010e4                __NVIC_GetActive
                0x0800114c                PortNumber
                0x08001244                EXTI_Init
                0x08001334                EXTI0_Handler
 .text          0x080013e0       0xbc object/clock.o
                0x080013e0                DRV_CLOCK_INIT
 .text          0x0800149c      0x214 object/usart.o
                0x0800149c                DRV_USART_INIT
                0x08001558                UART_SendChar
                0x08001586                _USART_WRITE
                0x080015b4                _USART_READ
                0x08001610                UART_GetChar
                0x0800163a                _USART_READ_STR
 .text          0x080016b0      0x524 object/gpio.o
                0x080016b0                GPIO_WritePin
                0x080016e4                GPIO_Init
                0x080019ec                GPIO_DeInit
 .text          0x08001bd4        0xe object/timer.o
                0x08001bd4                DRV_TIMER_INIT
 *fill*         0x08001be2        0x2 
 .text          0x08001be4      0x35c object/kstdio.o
                0x08001be4                kprintf
                0x08001d7c                kprintf_led
                0x08001d9a                kscanf
 .text          0x08001f40       0xa4 object/sys_init.o
                0x08001f40                __sys_init
 .text          0x08001fe4        0x0 object/unistd.o
 .text          0x08001fe4        0x0 object/times.o
 .text          0x08001fe4        0x0 object/kunistd.o
 .text          0x08001fe4        0x0 object/ktimes.o
 .text          0x08001fe4       0x5e object/syscall.o
                0x08001fe4                syscall
 *fill*         0x08002042        0x2 
 .text          0x08002044      0x3d4 object/seven_segment.o
                0x08002044                test
                0x0800210c                reset
                0x08002160                LedMatrix
                0x0800231c                ledArray
 .text          0x08002418       0xac object/test_interrupt.o
                0x08002418                hardfault_event
                0x08002436                reboot
                0x08002458                enableSysTickInterrupt
                0x080024a4                disableSysTickInterrupt
 *(.rodata)
 .rodata        0x080024c4        0x4 object/kstring.o
 .rodata        0x080024c8       0x82 object/kmain.o
 *fill*         0x0800254a        0x2 
 .rodata        0x0800254c       0x17 object/stm32_startup.o
 *fill*         0x08002563        0x1 
 .rodata        0x08002564       0x6a object/sys.o
 *fill*         0x080025ce        0x2 
 .rodata        0x080025d0      0x13f object/sys_init.o
 *fill*         0x0800270f        0x1 
 .rodata        0x08002710      0x6f8 object/syscall.o
                0x08002d00                sys_errlist
                0x08002e04                sys_nerr
 .rodata        0x08002e08      0x168 object/seven_segment.o
 .rodata        0x08002f70       0x2d object/test_interrupt.o
                0x08002fa0                . = ALIGN (0x4)
 *fill*         0x08002f9d        0x3 
                0x08002fa0                _etext = .
                0x08002fa0                _la_data = LOADADDR (.data)

.glue_7         0x08002fa0        0x0
 .glue_7        0x08002fa0        0x0 linker stubs

.glue_7t        0x08002fa0        0x0
 .glue_7t       0x08002fa0        0x0 linker stubs

.vfp11_veneer   0x08002fa0        0x0
 .vfp11_veneer  0x08002fa0        0x0 linker stubs

.v4_bx          0x08002fa0        0x0
 .v4_bx         0x08002fa0        0x0 linker stubs

.iplt           0x08002fa0        0x0
 .iplt          0x08002fa0        0x0 object/cm4.o

.rel.dyn        0x08002fa0        0x0
 .rel.iplt      0x08002fa0        0x0 object/cm4.o

.data           0x20000000       0x2c load address 0x08002fa0
                0x20000000                _sdata = .
 *(.data)
 .data          0x20000000        0x0 object/kmath.o
 .data          0x20000000        0x0 object/kfloat.o
 .data          0x20000000        0x0 object/cm4.o
 .data          0x20000000       0x25 object/kstring.o
 .data          0x20000025        0x0 object/kmain.o
 .data          0x20000025        0x0 object/stm32_startup.o
 *fill*         0x20000025        0x3 
 .data          0x20000028        0x4 object/sys.o
                0x20000028                flag
 .data          0x2000002c        0x0 object/clock.o
 .data          0x2000002c        0x0 object/usart.o
 .data          0x2000002c        0x0 object/gpio.o
 .data          0x2000002c        0x0 object/timer.o
 .data          0x2000002c        0x0 object/kstdio.o
 .data          0x2000002c        0x0 object/sys_init.o
 .data          0x2000002c        0x0 object/unistd.o
 .data          0x2000002c        0x0 object/times.o
 .data          0x2000002c        0x0 object/kunistd.o
 .data          0x2000002c        0x0 object/ktimes.o
 .data          0x2000002c        0x0 object/syscall.o
 .data          0x2000002c        0x0 object/seven_segment.o
 .data          0x2000002c        0x0 object/test_interrupt.o
                0x2000002c                . = ALIGN (0x4)
                0x2000002c                _edata = .

.igot.plt       0x2000002c        0x0 load address 0x08002fcc
 .igot.plt      0x2000002c        0x0 object/cm4.o

.bss            0x2000002c       0x6c load address 0x08002fcc
                0x2000002c                _sbss = .
 *(.bss)
 .bss           0x2000002c        0x0 object/kmath.o
 .bss           0x2000002c        0x0 object/kfloat.o
 .bss           0x2000002c        0x4 object/cm4.o
 .bss           0x20000030       0x32 object/kstring.o
 *fill*         0x20000062        0x2 
 .bss           0x20000064        0x4 object/kmain.o
 .bss           0x20000068       0x18 object/stm32_startup.o
                0x20000068                _bss_size
                0x2000006c                _data_size
                0x20000070                _text_size
                0x20000078                timer
                0x2000007c                milliseconds
 .bss           0x20000080        0xc object/sys.o
                0x20000084                line
                0x20000088                CNT
 .bss           0x2000008c        0x0 object/clock.o
 .bss           0x2000008c        0x0 object/usart.o
 .bss           0x2000008c        0x0 object/gpio.o
 .bss           0x2000008c        0x0 object/timer.o
 .bss           0x2000008c        0x0 object/kstdio.o
 .bss           0x2000008c        0x4 object/sys_init.o
 .bss           0x20000090        0x0 object/unistd.o
 .bss           0x20000090        0x0 object/times.o
 .bss           0x20000090        0x0 object/kunistd.o
 .bss           0x20000090        0x0 object/ktimes.o
 .bss           0x20000090        0x0 object/syscall.o
 .bss           0x20000090        0x0 object/seven_segment.o
 .bss           0x20000090        0x8 object/test_interrupt.o
                0x20000094                hardfault_event_enabled
                0x20000098                _ebss = .
OUTPUT(target/duos elf32-littlearm)
LOAD linker stubs

.comment        0x00000000       0x49
 .comment       0x00000000       0x49 object/kmath.o
                                 0x4a (size before relaxing)
 .comment       0x00000049       0x4a object/kfloat.o
 .comment       0x00000049       0x4a object/cm4.o
 .comment       0x00000049       0x4a object/kstring.o
 .comment       0x00000049       0x4a object/kmain.o
 .comment       0x00000049       0x4a object/stm32_startup.o
 .comment       0x00000049       0x4a object/sys.o
 .comment       0x00000049       0x4a object/clock.o
 .comment       0x00000049       0x4a object/usart.o
 .comment       0x00000049       0x4a object/gpio.o
 .comment       0x00000049       0x4a object/timer.o
 .comment       0x00000049       0x4a object/kstdio.o
 .comment       0x00000049       0x4a object/sys_init.o
 .comment       0x00000049       0x4a object/unistd.o
 .comment       0x00000049       0x4a object/times.o
 .comment       0x00000049       0x4a object/kunistd.o
 .comment       0x00000049       0x4a object/ktimes.o
 .comment       0x00000049       0x4a object/syscall.o
 .comment       0x00000049       0x4a object/seven_segment.o
 .comment       0x00000049       0x4a object/test_interrupt.o

.ARM.attributes
                0x00000000       0x32
 .ARM.attributes
                0x00000000       0x32 object/kmath.o
 .ARM.attributes
                0x00000032       0x32 object/kfloat.o
 .ARM.attributes
                0x00000064       0x32 object/cm4.o
 .ARM.attributes
                0x00000096       0x32 object/kstring.o
 .ARM.attributes
                0x000000c8       0x32 object/kmain.o
 .ARM.attributes
                0x000000fa       0x32 object/stm32_startup.o
 .ARM.attributes
                0x0000012c       0x32 object/sys.o
 .ARM.attributes
                0x0000015e       0x32 object/clock.o
 .ARM.attributes
                0x00000190       0x32 object/usart.o
 .ARM.attributes
                0x000001c2       0x32 object/gpio.o
 .ARM.attributes
                0x000001f4       0x32 object/timer.o
 .ARM.attributes
                0x00000226       0x32 object/kstdio.o
 .ARM.attributes
                0x00000258       0x32 object/sys_init.o
 .ARM.attributes
                0x0000028a       0x32 object/unistd.o
 .ARM.attributes
                0x000002bc       0x32 object/times.o
 .ARM.attributes
                0x000002ee       0x32 object/kunistd.o
 .ARM.attributes
                0x00000320       0x32 object/ktimes.o
 .ARM.attributes
                0x00000352       0x32 object/syscall.o
 .ARM.attributes
                0x00000384       0x32 object/seven_segment.o
 .ARM.attributes
                0x000003b6       0x32 object/test_interrupt.o
